Component: ARM Compiler 5.06 update 5 (build 528) Tool: armlink [4d35e2]

==============================================================================

Section Cross References

    system_stm32f10x.o(.text) refers to system_stm32f10x.o(.data) for .data
    main.o(.text) refers to demo_main.o(.text) for gui_app_start
    main.o(.text) refers to thread.o(.text) for tk_thread_create
    main.o(.text) refers to misc.o(.text) for NVIC_PriorityGroupConfig
    main.o(.text) refers to platform.o(.text) for systick_init
    main.o(.text) refers to led.o(.text) for led_init
    main.o(.text) refers to button.o(.text) for button_init
    main.o(.text) refers to lcd_driver.o(.text) for TFT_Init
    main.o(.text) refers to flash.o(.text) for FLASH_Init
    main.o(.text) refers to touch.o(.text) for TOUCH_Init
    main.o(.text) refers to tim.o(.text) for TIM3_Init
    main.o(.text) refers to rtc.o(.text) for rtc_init
    main.o(.text) refers to tos_sys.o(.text) for tos_knl_init
    main.o(.text) refers to tos_robin.o(.text) for tos_robin_config
    sys.o(.text) refers to misc.o(.text) for NVIC_PriorityGroupConfig
    usart.o(.text) refers (Special) to use_no_semi_2.o(.text) for __use_no_semihosting
    usart.o(.text) refers to stm32f10x_rcc.o(.text) for RCC_APB2PeriphClockCmd
    usart.o(.text) refers to stm32f10x_gpio.o(.text) for GPIO_Init
    usart.o(.text) refers to misc.o(.text) for NVIC_Init
    usart.o(.text) refers to stm32f10x_usart.o(.text) for USART_Init
    usart.o(.text) refers to usart.o(.data) for .data
    usart.o(.text) refers to usart.o(.bss) for .bss
    usart.o(.bss) refers (Special) to use_no_semi_2.o(.text) for __use_no_semihosting
    usart.o(.data) refers (Special) to use_no_semi_2.o(.text) for __use_no_semihosting
    usart.o(.data) refers (Special) to use_no_semi_2.o(.text) for __use_no_semihosting
    startup_stm32f10x_hd.o(STACK) refers (Special) to heapauxi.o(.text) for __use_two_region_memory
    startup_stm32f10x_hd.o(HEAP) refers (Special) to heapauxi.o(.text) for __use_two_region_memory
    startup_stm32f10x_hd.o(RESET) refers (Special) to heapauxi.o(.text) for __use_two_region_memory
    startup_stm32f10x_hd.o(RESET) refers to startup_stm32f10x_hd.o(STACK) for __initial_sp
    startup_stm32f10x_hd.o(RESET) refers to startup_stm32f10x_hd.o(.text) for Reset_Handler
    startup_stm32f10x_hd.o(RESET) refers to stm32f10x_it.o(.text) for NMI_Handler
    startup_stm32f10x_hd.o(RESET) refers to port_s.o(.text) for PendSV_Handler
    startup_stm32f10x_hd.o(RESET) refers to sys_tick.o(.text) for SysTick_Handler
    startup_stm32f10x_hd.o(RESET) refers to rtc.o(.text) for RTC_IRQHandler
    startup_stm32f10x_hd.o(RESET) refers to main_loop_stm32_raw.o(.text) for TIM3_IRQHandler
    startup_stm32f10x_hd.o(RESET) refers to usart.o(.text) for USART1_IRQHandler
    startup_stm32f10x_hd.o(RESET) refers to tim.o(.text) for TIM5_IRQHandler
    startup_stm32f10x_hd.o(.text) refers (Special) to heapauxi.o(.text) for __use_two_region_memory
    startup_stm32f10x_hd.o(.text) refers to system_stm32f10x.o(.text) for SystemInit
    startup_stm32f10x_hd.o(.text) refers to __main.o(!!!main) for __main
    startup_stm32f10x_hd.o(.text) refers to startup_stm32f10x_hd.o(HEAP) for Heap_Mem
    startup_stm32f10x_hd.o(.text) refers to startup_stm32f10x_hd.o(STACK) for Stack_Mem
    stm32f10x_gpio.o(.text) refers to stm32f10x_rcc.o(.text) for RCC_APB2PeriphResetCmd
    stm32f10x_rcc.o(.text) refers to stm32f10x_rcc.o(.data) for .data
    stm32f10x_usart.o(.text) refers to stm32f10x_rcc.o(.text) for RCC_APB2PeriphResetCmd
    stm32f10x_wwdg.o(.text) refers to stm32f10x_rcc.o(.text) for RCC_APB1PeriphResetCmd
    stm32f10x_tim.o(.text) refers to stm32f10x_rcc.o(.text) for RCC_APB2PeriphResetCmd
    stm32f10x_bkp.o(.text) refers to stm32f10x_rcc.o(.text) for RCC_BackupResetCmd
    stm32f10x_pwr.o(.text) refers to stm32f10x_rcc.o(.text) for RCC_APB1PeriphResetCmd
    stm32f10x_spi.o(.text) refers to stm32f10x_rcc.o(.text) for RCC_APB2PeriphResetCmd
    led.o(.text) refers to stm32f10x_rcc.o(.text) for RCC_APB2PeriphClockCmd
    led.o(.text) refers to stm32f10x_gpio.o(.text) for GPIO_Init
    led.o(.text) refers to sys_tick.o(.text) for delay_ms
    led.o(.text) refers to led.o(.data) for .data
    lcd_driver.o(.text) refers to stm32f10x_rcc.o(.text) for RCC_APB2PeriphClockCmd
    lcd_driver.o(.text) refers to stm32f10x_gpio.o(.text) for GPIO_Init
    lcd_driver.o(.text) refers to stm32f10x_fsmc.o(.text) for FSMC_NORSRAMInit
    button.o(.text) refers to stm32f10x_rcc.o(.text) for RCC_APB2PeriphClockCmd
    button.o(.text) refers to stm32f10x_gpio.o(.text) for GPIO_Init
    button.o(.text) refers to sys_tick.o(.text) for delay_ms
    button.o(.text) refers to button.o(.data) for .data
    tim.o(.text) refers to stm32f10x_rcc.o(.text) for RCC_APB1PeriphClockCmd
    tim.o(.text) refers to stm32f10x_gpio.o(.text) for GPIO_Init
    tim.o(.text) refers to stm32f10x_tim.o(.text) for TIM_TimeBaseInit
[...]
    0x0800e2c0   0x0800e2c0   0x000006ac   Code   RO         1905    .text               wstr.o
    0x0800e96c   0x0800e96c   0x000006c4   Code   RO         1927    .text               utils.o
    0x0800f030   0x0800f030   0x00000230   Code   RO         1961    .text               events.o
    0x0800f260   0x0800f260   0x000000fc   Code   RO         2027    .text               timer.o
    0x0800f35c   0x0800f35c   0x000001f4   Code   RO         2039    .text               layout.o
    0x0800f550   0x0800f550   0x00000110   Code   RO         2057    .text               event_queue.o
    0x0800f660   0x0800f660   0x00000cd8   Code   RO         2091    .text               slider.o
    0x08010338   0x08010338   0x0000008a   Code   RO         2114    .text               idle.o
    0x080103c2   0x080103c2   0x00000002   PAD
    0x080103c4   0x080103c4   0x00000484   Code   RO         2126    .text               system_info.o
    0x08010848   0x08010848   0x00000098   Code   RO         2172    .text               image_loader.o
    0x080108e0   0x080108e0   0x0000089c   Code   RO         2201    .text               str.o
    0x0801117c   0x0801117c   0x000002c4   Code   RO         2217    .text               main_loop_simple.o
    0x08011440   0x08011440   0x000001f8   Code   RO         2236    .text               pages.o
    0x08011638   0x08011638   0x00001718   Code   RO         2256    .text               edit.o
    0x08012d50   0x08012d50   0x00000030   Code   RO         2283    .text               view.o
    0x08012d80   0x08012d80   0x000001ac   Code   RO         2301    .text               velocity.o
    0x08012f2c   0x08012f2c   0x00000138   Code   RO         2316    .text               widget_factory.o
    0x08013064   0x08013064   0x00000210   Code   RO         2334    .text               tokenizer.o
    0x08013274   0x08013274   0x00000238   Code   RO         2346    .text               input_method.o
    0x080134ac   0x080134ac   0x00000074   Code   RO         2376    .text               input_engine.o
    0x08013520   0x08013520   0x0000012c   Code   RO         2388    .text               spin_box.o
    0x0801364c   0x0801364c   0x00000368   Code   RO         2407    .text               dragger.o
    0x080139b4   0x080139b4   0x00000064   Code   RO         2427    .text               dialog_client.o
    0x08013a18   0x08013a18   0x00000054   Code   RO         2445    .text               dialog_title.o
    0x08013a6c   0x08013a6c   0x0000037c   Code   RO         2463    .text               awtk_global.o
    0x08013de8   0x08013de8   0x0000005c   Code   RO         2805    .text               input_method_creator.o
    0x08013e44   0x08013e44   0x00000038   Code   RO         2821    .text               button_group.o
    0x08013e7c   0x08013e7c   0x00000284   Code   RO         2839    .text               color_parser.o
    0x08014100   0x08014100   0x000009d0   Code   RO         2857    .text               combo_box.o
    0x08014ad0   0x08014ad0   0x000002e4   Code   RO         2899    .text               combo_box_item.o
    0x08014db4   0x08014db4   0x0000028c   Code   RO         2931    .text               fs.o
    0x08015040   0x08015040   0x00000048   Code   RO         2963    .text               line_break.o
    0x08015088   0x08015088   0x000001e8   Code   RO         2990    .text               popup.o
    0x08015270   0x08015270   0x0000045c   Code   RO         3039    .text               tab_button.o
    0x080156cc   0x080156cc   0x00000550   Code   RO         3059    .text               tab_button_group.o
    0x08015c1c   0x08015c1c   0x00000038   Code   RO         3080    .text               tab_control.o
    0x08015c54   0x08015c54   0x00000066   Code   RO         3098    .text               ui_builder.o
    0x08015cba   0x08015cba   0x00000002   PAD
    0x08015cbc   0x08015cbc   0x00000846   Code   RO         3113    .text               vgcanvas.o
    0x08016502   0x08016502   0x00000002   PAD
    0x08016504   0x08016504   0x000000f0   Code   RO         3233    .text               ui_builder_default.o
    0x080165f4   0x080165f4   0x00000060   Code   RO         3250    .text               ui_loader.o
    0x08016654   0x08016654   0x00000108   Code   RO         3265    .text               ui_loader_default.o
    0x0801675c   0x0801675c   0x000000ac   Code   RO         3335    .text               window_open.o
    0x08016808   0x08016808   0x0000028c   Code   RO         3378    .text               color_tile.o
    0x08016a94   0x08016a94   0x0000035c   Code   RO         3398    .text               assets_manager.o
    0x08016df0   0x08016df0   0x00000228   Code   RO         3413    .text               locale_info.o
    0x08017018   0x08017018   0x000002e4   Code   RO         3428    .text               path.o
    0x080172fc   0x080172fc   0x00000030   Code   RO         3440    .text               app_bar.o
    0x0801732c   0x0801732c   0x00000030   Code   RO         3458    .text               column.o
    0x0801735c   0x0801735c   0x00000030   Code   RO         3476    .text               grid.o
    0x0801738c   0x0801738c   0x00000030   Code   RO         3494    .text               row.o
    0x080173bc   0x080173bc   0x000002c4   Code   RO         3512    .text               calibration_win.o
    0x08017680   0x08017680   0x00000138   Code   RO         3530    .text               font_loader_bitmap.o
    0x080177b8   0x080177b8   0x0000001a   Code   RO         3559    .text               font_loader.o
    0x080177d2   0x080177d2   0x00000002   PAD
    0x080177d4   0x080177d4   0x000006b2   Code   RO         3574    .text               window_base.o
    0x08017e86   0x08017e86   0x00000016   Code   RO         3594    .text               time_now.o
    0x08017e9c   0x08017e9c   0x000002bc   Code   RO         3606    .text               style.o
    0x08018158   0x08018158   0x00000180   Code   RO         3621    .text               style_const.o
    0x080182d8   0x080182d8   0x00000024   Code   RO         3638    .text               style_factory.o
    0x080182fc   0x080182fc   0x0000007c   Code   RO         3676    .text               clip_board_default.o
    0x08018378   0x08018378   0x000000c4   Code   RO         3693    .text               clip_board.o
    0x0801843c   0x0801843c   0x000005a4   Code   RO         3710    .text               image_base.o
    0x080189e0   0x080189e0   0x00000030   Code   RO         3724    .text               grid_item.o
    0x08018a10   0x08018a10   0x00000358   Code   RO         3742    .text               input_device_status.o
    0x08018d68   0x08018d68   0x0000014c   Code   RO         3756    .text               system_bar.o
    0x08018eb4   0x08018eb4   0x00000864   Code   RO         3776    .text               children_layouter_default.o
    0x08019718   0x08019718   0x000005d4   Code   RO         3797    .text               self_layouter_default.o
    0x08019cec   0x08019cec   0x000000e8   Code   RO         3815    .text               children_layouter.o
    0x08019dd4   0x08019dd4   0x000000d4   Code   RO         3830    .text               self_layouter.o
    0x08019ea8   0x08019ea8   0x0000010c   Code   RO         3866    .text               func_call_parser.o
    0x08019fb4   0x08019fb4   0x00000078   Code   RO         3887    .text               event.o
    0x0801a02c   0x0801a02c   0x000000ec   Code   RO         3900    .text               named_value.o
    0x0801a118   0x0801a118   0x000006fc   Code   RO         3916    .text               object.o
    0x0801a814   0x0801a814   0x00000436   Code   RO         3929    .text               object_default.o
    0x0801ac4a   0x0801ac4a   0x00000002   PAD
    0x0801ac4c   0x0801ac4c   0x00000084   Code   RO         3968    .text               timer_info.o
    0x0801acd0   0x0801acd0   0x00000238   Code   RO         3992    .text               timer_manager.o
    0x0801af08   0x0801af08   0x00000178   Code   RO         4007    .text               idle_manager.o
    0x0801b080   0x0801b080   0x00000074   Code   RO         4028    .text               idle_info.o
    0x0801b0f4   0x0801b0f4   0x000001f8   Code   RO         4043    .text               slist.o
    0x0801b2ec   0x0801b2ec   0x00000320   Code   RO         4059    .text               darray.o
    0x0801b60c   0x0801b60c   0x00001278   Code   RO         4072    .text               expr_eval.o
    0x0801c884   0x0801c884   0x00000002   Code   RO         4086    .text               lcd_profile.o
    0x0801c886   0x0801c886   0x00000002   PAD
    0x0801c888   0x0801c888   0x000000fc   Code   RO         4110    .text               window_animator_factory.o
    0x0801c984   0x0801c984   0x0000014c   Code   RO         4125    .text               dialog_highlighter.o
    0x0801cad0   0x0801cad0   0x0000012c   Code   RO         4138    .text               dialog_highlighter_factory.o
    0x0801cbfc   0x0801cbfc   0x00000020   Code   RO         4156    .text               children_layouter_builtins.o
    0x0801cc1c   0x0801cc1c   0x00000120   Code   RO         4177    .text               children_layouter_parser.o
    0x0801cd3c   0x0801cd3c   0x00000038   Code   RO         4198    .text               self_layouter_builtins.o
    0x0801cd74   0x0801cd74   0x00000088   Code   RO         4219    .text               self_layouter_parser.o
    0x0801cdfc   0x0801cdfc   0x000000ec   Code   RO         4240    .text               children_layouter_factory.o
    0x0801cee8   0x0801cee8   0x000000ec   Code   RO         4255    .text               self_layouter_factory.o
    0x0801cfd4   0x0801cfd4   0x00000030   Code   RO         4270    .text               overlay.o
    0x0801d004   0x0801d004   0x00000544   Code   RO         4302    .text               style_mutable.o
    0x0801d548   0x0801d548   0x00001ea8   Code   RO         4355    .text               text_edit.o
    0x0801f3f0   0x0801f3f0   0x00000428   Code   RO         4482    .text               self_layouter_menu.o
    0x0801f818   0x0801f818   0x00000570   Code   RO         4500    .text               hscrollable.o
    0x0801fd88   0x0801fd88   0x0000024a   Code   RO         4513    .text               native_window.o
    0x0801ffd2   0x0801ffd2   0x00000002   PAD
    0x0801ffd4   0x0801ffd4   0x000000f8   Code   RO         4525    .text               native_window_raw.o
    0x080200cc   0x080200cc   0x00000e80   Code   RO         4544    .text               window_manager_default.o
    0x08020f4c   0x08020f4c   0x00000518   Code   RO         4566    .text               dialog_helper.o
    0x08021464   0x08021464   0x0000034c   Code   RO         4584    .text               widgets.o
    0x080217b0   0x080217b0   0x00000034   Code   RO         4659    .text               ui_feedback.o
    0x080217e4   0x080217e4   0x00000750   Code   RO         4676    .text               lcd_stm32_raw.o
    0x08021f34   0x08021f34   0x000000b8   Code   RO         4714    .text               main_loop_stm32_raw.o
    0x08021fec   0x08021fec   0x00000068   Code   RO         4868    .text               platform.o
    0x08022054   0x08022054   0x00000004   Code   RO         4883    .text               fs_os.o
    0x08022058   0x08022058   0x00000070   Code   RO         4895    .text               mutex.o
    0x080220c8   0x080220c8   0x00000078   Code   RO         4948    .text               sys_tick.o
    0x08022140   0x08022140   0x0000011c   Code   RO         4962    .text               thread.o
    0x0802225c   0x0802225c   0x0000001c   Code   RO         5035    .text               demo_main.o
    0x08022278   0x08022278   0x00000534   Code   RO         5050    .text               demo1_app.o
    0x080227ac   0x080227ac   0x0000019c   Code   RO         5065    .text               assets-mini.o
    0x08022948   0x08022948   0x00000662   Code   RO         5181    .text               tos_mmheap.o
    0x08022faa   0x08022faa   0x00000002   PAD
    0x08022fac   0x08022fac   0x00000170   Code   RO         5193    .text               tos_msg.o
    0x0802311c   0x0802311c   0x0000027c   Code   RO         5239    .text               tos_mutex.o
    0x08023398   0x08023398   0x000001c4   Code   RO         5285    .text               tos_pend.o
    0x0802355c   0x0802355c   0x000000f8   Code   RO         5343    .text               tos_robin.o
    0x08023654   0x08023654   0x00000290   Code   RO         5355    .text               tos_sched.o
    0x080238e4   0x080238e4   0x00000238   Code   RO         5413    .text               tos_sys.o
    0x08023b1c   0x08023b1c   0x00000498   Code   RO         5425    .text               tos_task.o
    0x08023fb4   0x08023fb4   0x00000250   Code   RO         5471    .text               tos_tick.o
    0x08024204   0x08024204   0x00000324   Code   RO         5529    .text               tos_timer.o
    0x08024528   0x08024528   0x0000006c   Code   RO         5575    .text               port_c.o
    0x08024594   0x08024594   0x0000008c   Code   RO         5591    .text               port_s.o
    0x08024620   0x08024620   0x000000c4   Code   RO         5594    .text               tos_cpu.o
    0x080246e4   0x080246e4   0x00000002   Code   RO         5614    .text               c_w.l(use_no_semi_2.o)
    0x080246e6   0x080246e6   0x00000002   PAD
    0x080246e8   0x080246e8   0x00000010   Code   RO         5616    .text               c_w.l(rt_ctype_table.o)
    0x080246f8   0x080246f8   0x000000ee   Code   RO         5618    .text               c_w.l(lludivv7m.o)
    0x080247e6   0x080247e6   0x0000001a   Code   RO         5620    .text               c_w.l(tolower.o)
    0x08024800   0x08024800   0x0000001e   Code   RO         5622    .text               c_w.l(toupper.o)
    0x0802481e   0x0802481e   0x00000004   Code   RO         5624    .text               c_w.l(iswspace.o)
    0x08024822   0x08024822   0x00000002   PAD
    0x08024824   0x08024824   0x00000034   Code   RO         5626    .text               c_w.l(vsnprintf.o)
    0x08024858   0x08024858   0x00000018   Code   RO         5628    .text               c_w.l(__2printf.o)
    0x08024870   0x08024870   0x00000052   Code   RO         5634    .text               c_w.l(_printf_str.o)
    0x080248c2   0x080248c2   0x00000002   PAD
    0x080248c4   0x080248c4   0x00000078   Code   RO         5636    .text               c_w.l(_printf_dec.o)
    0x0802493c   0x0802493c   0x00000188   Code   RO         5655    .text               c_w.l(__printf_flags_ss_wp.o)
    0x08024ac4   0x08024ac4   0x00000034   Code   RO         5661    .text               c_w.l(vsscanf.o)
    0x08024af8   0x08024af8   0x00000070   Code   RO         5663    .text               c_w.l(strtol.o)
    0x08024b68   0x08024b68   0x00000072   Code   RO         5665    .text               c_w.l(strtoul.o)
    0x08024bda   0x08024bda   0x00000050   Code   RO         5667    .text               c_w.l(bsearchnoex.o)
    0x08024c2a   0x08024c2a   0x00000014   Code   RO         5669    .text               c_w.l(strchr.o)
    0x08024c3e   0x08024c3e   0x00000024   Code   RO         5671    .text               c_w.l(strstr.o)
    0x08024c62   0x08024c62   0x00000058   Code   RO         5673    .text               c_w.l(memcmp.o)
    0x08024cba   0x08024cba   0x00000048   Code   RO         5675    .text               c_w.l(strcpy.o)
    0x08024d02   0x08024d02   0x00000016   Code   RO         5679    .text               c_w.l(strrchr.o)
    0x08024d18   0x08024d18   0x0000003e   Code   RO         5681    .text               c_w.l(strlen.o)
    0x08024d56   0x08024d56   0x00000012   Code   RO         5683    .text               c_w.l(wcscpy.o)
    0x08024d68   0x08024d68   0x00000018   Code   RO         5685    .text               c_w.l(wcscmp.o)
    0x08024d80   0x08024d80   0x00000016   Code   RO         5687    .text               c_w.l(wcschr.o)
    0x08024d96   0x08024d96   0x00000012   Code   RO         5689    .text               c_w.l(wcslen.o)
    0x08024da8   0x08024da8   0x00000096   Code   RO         5691    .text               c_w.l(strncmp.o)
    0x08024e3e   0x08024e3e   0x0000008a   Code   RO         5693    .text               c_w.l(rt_memcpy_v6.o)
    0x08024ec8   0x08024ec8   0x00000084   Code   RO         5695    .text               c_w.l(rt_memmove_v6.o)
    0x08024f4c   0x08024f4c   0x00000064   Code   RO         5697    .text               c_w.l(rt_memcpy_w.o)
    0x08024fb0   0x08024fb0   0x0000007a   Code   RO         5699    .text               c_w.l(rt_memmove_w.o)
    0x0802502a   0x0802502a   0x00000044   Code   RO         5701    .text               c_w.l(rt_memclr.o)
    0x0802506e   0x0802506e   0x0000004e   Code   RO         5703    .text               c_w.l(rt_memclr_w.o)
    0x080250bc   0x080250bc   0x00000056   Code   RO         5705    .text               c_w.l(strncpy.o)
    0x08025112   0x08025112   0x00000002   PAD
    0x08025114   0x08025114   0x00000080   Code   RO         5707    .text               c_w.l(strcmpv7m.o)
    0x08025194   0x08025194   0x00000006   Code   RO         5709    .text               c_w.l(heapauxi.o)
    0x0802519a   0x0802519a   0x00000002   Code   RO         5907    .text               c_w.l(use_no_semi.o)
    0x0802519c   0x0802519c   0x00000008   Code   RO         5917    .text               c_w.l(rt_locale_intlibspace.o)
    0x080251a4   0x080251a4   0x00000008   Code   RO         5922    .text               c_w.l(rt_errno_addr_intlibspace.o)
    0x080251ac   0x080251ac   0x00000016   Code   RO         5924    .text               c_w.l(_rserrno.o)
    0x080251c2   0x080251c2   0x0000000c   Code   RO         5926    .text               c_w.l(_iswspace.o)
    0x080251ce   0x080251ce   0x0000004e   Code   RO         5928    .text               c_w.l(_printf_pad.o)
    0x0802521c   0x0802521c   0x00000024   Code   RO         5930    .text               c_w.l(_printf_truncate.o)
    0x08025240   0x08025240   0x000000b2   Code   RO         5932    .text               c_w.l(_printf_intcommon.o)
    0x080252f2   0x080252f2   0x00000028   Code   RO         5934    .text               c_w.l(_printf_charcount.o)
    0x0802531a   0x0802531a   0x00000002   PAD
    0x0802531c   0x0802531c   0x00000030   Code   RO         5936    .text               c_w.l(_printf_char_common.o)
    0x0802534c   0x0802534c   0x0000000a   Code   RO         5938    .text               c_w.l(_sputc.o)
    0x08025356   0x08025356   0x00000010   Code   RO         5940    .text               c_w.l(_snputc.o)
    0x08025366   0x08025366   0x0000002c   Code   RO         5942    .text               c_w.l(_printf_char.o)
    0x08025392   0x08025392   0x00000002   PAD
    0x08025394   0x08025394   0x00000024   Code   RO         5944    .text               c_w.l(_printf_char_file.o)
    0x080253b8   0x080253b8   0x000000bc   Code   RO         5946    .text               c_w.l(_printf_wctomb.o)
    0x08025474   0x08025474   0x0000007c   Code   RO         5949    .text               c_w.l(_printf_longlong_dec.o)
    0x080254f0   0x080254f0   0x00000070   Code   RO         5955    .text               c_w.l(_printf_oct_int_ll.o)
    0x08025560   0x08025560   0x00000094   Code   RO         5975    .text               c_w.l(_printf_hex_int_ll_ptr.o)
    0x080255f4   0x080255f4   0x00000156   Code   RO         5999    .text               c_w.l(_scanf_longlong.o)
    0x0802574a   0x0802574a   0x0000014c   Code   RO         6001    .text               c_w.l(_scanf_int.o)
    0x08025896   0x08025896   0x000000e0   Code   RO         6003    .text               c_w.l(_scanf_str.o)
    0x08025976   0x08025976   0x00000002   PAD
    0x08025978   0x08025978   0x0000002c   Code   RO         6005    .text               c_w.l(scanf_char.o)
    0x080259a4   0x080259a4   0x00000040   Code   RO         6007    .text               c_w.l(_sgetc.o)
    0x080259e4   0x080259e4   0x0000009e   Code   RO         6009    .text               c_w.l(_strtoul.o)
    0x08025a82   0x08025a82   0x00000002   PAD
    0x08025a84   0x08025a84   0x000000a4   Code   RO         6011    .text               c_w.l(strtod.o)
    0x08025b28   0x08025b28   0x00000114   Code   RO         6013    .text               c_w.l(_scanf_mbtowc.o)
    0x08025c3c   0x08025c3c   0x000000e8   Code   RO         6015    .text               c_w.l(_scanf_wctomb.o)
    0x08025d24   0x08025d24   0x000000d0   Code   RO         6017    .text               c_w.l(_scanf_wstr.o)
    0x08025df4   0x08025df4   0x00000008   Code   RO         6090    .text               c_w.l(libspace.o)
    0x08025dfc   0x08025dfc   0x0000008a   Code   RO         6110    .text               c_w.l(lludiv10.o)
    0x08025e86   0x08025e86   0x00000012   Code   RO         6112    .text               c_w.l(isspace.o)
    0x08025e98   0x08025e98   0x00000064   Code   RO         6114    .text               c_w.l(wclass_c.o)
    0x08025efc   0x08025efc   0x0000041e   Code   RO         6116    .text               c_w.l(_printf_fp_dec.o)
    0x0802631a   0x0802631a   0x00000002   PAD
    0x0802631c   0x0802631c   0x000002fc   Code   RO         6118    .text               c_w.l(_printf_fp_hex.o)
    0x08026618   0x08026618   0x0000002c   Code   RO         6123    .text               c_w.l(_printf_wchar.o)
    0x08026644   0x08026644   0x0000001c   Code   RO         6125    .text               c_w.l(_chval.o)
    0x08026660   0x08026660   0x00000374   Code   RO         6127    .text               c_w.l(_scanf.o)
    0x080269d4   0x080269d4   0x000004f8   Code   RO         6129    .text               c_w.l(scanf_fp.o)
    0x08026ecc   0x08026ecc   0x0000001e   Code   RO         6131    .text               c_w.l(_scanf_wcharmap.o)
    0x08026eea   0x08026eea   0x00000008   Code   RO         6133    .text               c_w.l(ferror.o)
    0x08026ef2   0x08026ef2   0x0000003c   Code   RO         6137    .text               c_w.l(_mbrtowc.o)
    0x08026f2e   0x08026f2e   0x00000040   Code   RO         6139    .text               c_w.l(_wcrtomb.o)
    0x08026f6e   0x08026f6e   0x0000004a   Code   RO         6191    .text               c_w.l(sys_stackheap_outer.o)
    0x08026fb8   0x08026fb8   0x00000080   Code   RO         6193    .text               c_w.l(_printf_fp_infnan.o)
    0x08027038   0x08027038   0x000000e4   Code   RO         6195    .text               c_w.l(bigflt0.o)
    0x0802711c   0x0802711c   0x00000012   Code   RO         6220    .text               c_w.l(exit.o)
    0x0802712e   0x0802712e   0x00000002   PAD
    0x08027130   0x08027130   0x00000320   Code   RO         6260    .text               c_w.l(scanf_hexfp.o)
    0x08027450   0x08027450   0x00000134   Code   RO         6262    .text               c_w.l(scanf_infnan.o)
    0x08027584   0x08027584   0x00000026   Code   RO         6287    .text               c_w.l(llshl.o)
    0x080275aa   0x080275aa   0x0000003e   Code   RO         6198    CL$$btod_d2e        c_w.l(btod.o)
    0x080275e8   0x080275e8   0x00000046   Code   RO         6200    CL$$btod_d2e_denorm_low  c_w.l(btod.o)
    0x0802762e   0x0802762e   0x00000060   Code   RO         6199    CL$$btod_d2e_norm_op1  c_w.l(btod.o)
    0x0802768e   0x0802768e   0x00000338   Code   RO         6208    CL$$btod_div_common  c_w.l(btod.o)
    0x080279c6   0x080279c6   0x00000002   PAD
    0x080279c8   0x080279c8   0x00000084   Code   RO         6206    CL$$btod_e2d        c_w.l(btod.o)
    0x08027a4c   0x08027a4c   0x000000dc   Code   RO         6205    CL$$btod_e2e        c_w.l(btod.o)
    0x08027b28   0x08027b28   0x0000002a   Code   RO         6202    CL$$btod_ediv       c_w.l(btod.o)
    0x08027b52   0x08027b52   0x0000002a   Code   RO         6204    CL$$btod_edivd      c_w.l(btod.o)
    0x08027b7c   0x08027b7c   0x0000002a   Code   RO         6201    CL$$btod_emul       c_w.l(btod.o)
    0x08027ba6   0x08027ba6   0x0000002a   Code   RO         6203    CL$$btod_emuld      c_w.l(btod.o)
    0x08027bd0   0x08027bd0   0x00000244   Code   RO         6207    CL$$btod_mult_common  c_w.l(btod.o)
    0x08027e14   0x08027e14   0x00000028   Code   RO         6068    i.__ARM_fpclassify  m_ws.l(fpclassify.o)
    0x08027e3c   0x08027e3c   0x00000388   Code   RO         6073    i.__ieee754_rem_pio2  m_ws.l(rred.o)
    0x080281c4   0x080281c4   0x000000fc   Code   RO         6051    i.__kernel_cos      m_ws.l(cos_i.o)
    0x080282c0   0x080282c0   0x000000aa   Code   RO         6070    i.__kernel_poly     m_ws.l(poly.o)
    0x0802836a   0x0802836a   0x00000002   PAD
    0x0802836c   0x0802836c   0x000000ec   Code   RO         6078    i.__kernel_sin      m_ws.l(sin_i.o)
    0x08028458   0x08028458   0x0000027c   Code   RO         6084    i.__kernel_tan      m_ws.l(tan_i.o)
    0x080286d4   0x080286d4   0x00000010   Code   RO         6054    i.__mathlib_dbl_divzero  m_ws.l(dunder.o)
    0x080286e4   0x080286e4   0x00000006   Code   RO         6055    i.__mathlib_dbl_infnan  m_ws.l(dunder.o)
    0x080286ea   0x080286ea   0x0000000c   Code   RO         6057    i.__mathlib_dbl_invalid  m_ws.l(dunder.o)
    0x080286f6   0x080286f6   0x0000000e   Code   RO         6058    i.__mathlib_dbl_overflow  m_ws.l(dunder.o)
    0x08028704   0x08028704   0x00000010   Code   RO         6060    i.__mathlib_dbl_underflow  m_ws.l(dunder.o)
    0x08028714   0x08028714   0x00000010   Code   RO         6250    i.__mathlib_narrow  m_ws.l(narrow.o)
    0x08028724   0x08028724   0x000000bc   Code   RO         6251    i.__mathlib_tofloat  m_ws.l(narrow.o)
    0x080287e0   0x080287e0   0x00000016   Code   RO         6298    i.__support_ldexp   m_ws.l(ldexp.o)
    0x080287f6   0x080287f6   0x0000000e   Code   RO         5648    i._is_digit         c_w.l(__printf_wp.o)
    0x08028804   0x08028804   0x0000027c   Code   RO         5796    i.acos              m_ws.l(acos.o)
    0x08028a80   0x08028a80   0x00000270   Code   RO         5806    i.asin              m_ws.l(asin.o)
    0x08028cf0   0x08028cf0   0x00000220   Code   RO         5816    i.atan              m_ws.l(atan.o)
    0x08028f10   0x08028f10   0x0000002a   Code   RO         5826    i.atof              m_ws.l(atof.o)
    0x08028f3a   0x08028f3a   0x00000002   PAD
    0x08028f3c   0x08028f3c   0x000000dc   Code   RO         5830    i.ceil              m_ws.l(ceil.o)
    0x08029018   0x08029018   0x0000009c   Code   RO         5834    i.cos               m_ws.l(cos.o)
    0x080290b4   0x080290b4   0x00000284   Code   RO         5842    i.exp               m_ws.l(exp.o)
    0x08029338   0x08029338   0x000000dc   Code   RO         5852    i.floor             m_ws.l(floor.o)
    0x08029414   0x08029414   0x00000058   Code   RO         6273    i.frexp             m_ws.l(frexp.o)
    0x0802946c   0x0802946c   0x00000074   Code   RO         6299    i.ldexp             m_ws.l(ldexp.o)
    0x080294e0   0x080294e0   0x0000035c   Code   RO         5856    i.log               m_ws.l(log.o)
    0x0802983c   0x0802983c   0x000000e4   Code   RO         5866    i.log10             m_ws.l(log10.o)
    0x08029920   0x08029920   0x000000a0   Code   RO         5884    i.sin               m_ws.l(sin.o)
    0x080299c0   0x080299c0   0x0000004c   Code   RO         5892    i.sqrt              m_ws.l(sqrt.o)
    0x08029a0c   0x08029a0c   0x00000064   Code   RO         5900    i.tan               m_ws.l(tan.o)
    0x08029a70   0x08029a70   0x0000002c   Code   RO         6020    locale$$code        c_w.l(lc_ctype_c.o)
    0x08029a9c   0x08029a9c   0x0000002c   Code   RO         6142    locale$$code        c_w.l(lc_numeric_c.o)
    0x08029ac8   0x08029ac8   0x00000062   Code   RO         5713    x$fpl$d2f           fz_ws.l(d2f.o)
    0x08029b2a   0x08029b2a   0x00000002   PAD
    0x08029b2c   0x08029b2c   0x00000150   Code   RO         5715    x$fpl$dadd          fz_ws.l(daddsub_clz.o)
    0x08029c7c   0x08029c7c   0x00000010   Code   RO         6022    x$fpl$dcheck1       fz_ws.l(dcheck1.o)
    0x08029c8c   0x08029c8c   0x00000018   Code   RO         6024    x$fpl$dcmpinf       fz_ws.l(dcmpi.o)
    0x08029ca4   0x08029ca4   0x000002b0   Code   RO         5722    x$fpl$ddiv          fz_ws.l(ddiv.o)
    0x08029f54   0x08029f54   0x00000078   Code   RO         5725    x$fpl$deqf          fz_ws.l(deqf.o)
    0x08029fcc   0x08029fcc   0x0000005e   Code   RO         5727    x$fpl$dfix          fz_ws.l(dfix.o)
    0x0802a02a   0x0802a02a   0x00000002   PAD
    0x0802a02c   0x0802a02c   0x0000005a   Code   RO         5735    x$fpl$dfixu         fz_ws.l(dfixu.o)
    0x0802a086   0x0802a086   0x0000002e   Code   RO         5740    x$fpl$dflt          fz_ws.l(dflt_clz.o)
    0x0802a0b4   0x0802a0b4   0x000000a2   Code   RO         5745    x$fpl$dfltll        fz_ws.l(dfltll_clz.o)
    0x0802a156   0x0802a156   0x00000026   Code   RO         5739    x$fpl$dfltu         fz_ws.l(dflt_clz.o)
    0x0802a17c   0x0802a17c   0x00000078   Code   RO         5749    x$fpl$dleqf         fz_ws.l(dleqf.o)
    0x0802a1f4   0x0802a1f4   0x00000154   Code   RO         5751    x$fpl$dmul          fz_ws.l(dmul.o)
    0x0802a348   0x0802a348   0x0000009c   Code   RO         6026    x$fpl$dnaninf       fz_ws.l(dnaninf.o)
    0x0802a3e4   0x0802a3e4   0x0000000c   Code   RO         6028    x$fpl$dretinf       fz_ws.l(dretinf.o)
    0x0802a3f0   0x0802a3f0   0x0000006c   Code   RO         5753    x$fpl$drleqf        fz_ws.l(drleqf.o)
    0x0802a45c   0x0802a45c   0x00000016   Code   RO         5716    x$fpl$drsb          fz_ws.l(daddsub_clz.o)
    0x0802a472   0x0802a472   0x00000002   PAD
    0x0802a474   0x0802a474   0x000001cc   Code   RO         6030    x$fpl$dsqrt         fz_ws.l(dsqrt_noumaal.o)
    0x0802a640   0x0802a640   0x000001d4   Code   RO         5717    x$fpl$dsub          fz_ws.l(daddsub_clz.o)
    0x0802a814   0x0802a814   0x00000056   Code   RO         5755    x$fpl$f2d           fz_ws.l(f2d.o)
    0x0802a86a   0x0802a86a   0x00000002   PAD
    0x0802a86c   0x0802a86c   0x000000c4   Code   RO         5757    x$fpl$fadd          fz_ws.l(faddsub_clz.o)
    0x0802a930   0x0802a930   0x0000000c   Code   RO         6032    x$fpl$fcheck1       fz_ws.l(fcheck1.o)
    0x0802a93c   0x0802a93c   0x00000018   Code   RO         6034    x$fpl$fcmpinf       fz_ws.l(fcmpi.o)
    0x0802a954   0x0802a954   0x00000184   Code   RO         5764    x$fpl$fdiv          fz_ws.l(fdiv.o)
    0x0802aad8   0x0802aad8   0x00000068   Code   RO         5767    x$fpl$feqf          fz_ws.l(feqf.o)
    0x0802ab40   0x0802ab40   0x00000036   Code   RO         5769    x$fpl$ffix          fz_ws.l(ffix.o)
    0x0802ab76   0x0802ab76   0x00000002   PAD
    0x0802ab78   0x0802ab78   0x0000003e   Code   RO         5773    x$fpl$ffixu         fz_ws.l(ffixu.o)
    0x0802abb6   0x0802abb6   0x00000002   PAD
    0x0802abb8   0x0802abb8   0x00000030   Code   RO         5778    x$fpl$fflt          fz_ws.l(fflt_clz.o)
    0x0802abe8   0x0802abe8   0x00000060   Code   RO         5783    x$fpl$ffltll        fz_ws.l(ffltll_clz.o)
    0x0802ac48   0x0802ac48   0x00000026   Code   RO         5777    x$fpl$ffltu         fz_ws.l(fflt_clz.o)
    0x0802ac6e   0x0802ac6e   0x00000002   PAD
    0x0802ac70   0x0802ac70   0x00000068   Code   RO         5785    x$fpl$fleqf         fz_ws.l(fleqf.o)
    0x0802acd8   0x0802acd8   0x00000102   Code   RO         5787    x$fpl$fmul          fz_ws.l(fmul.o)
    0x0802adda   0x0802adda   0x0000008c   Code   RO         6036    x$fpl$fnaninf       fz_ws.l(fnaninf.o)
    0x0802ae66   0x0802ae66   0x0000000a   Code   RO         6038    x$fpl$fretinf       fz_ws.l(fretinf.o)
    0x0802ae70   0x0802ae70   0x00000062   Code   RO         5789    x$fpl$frleqf        fz_ws.l(frleqf.o)
    0x0802aed2   0x0802aed2   0x00000014   Code   RO         5758    x$fpl$frsb          fz_ws.l(faddsub_clz.o)
    0x0802aee6   0x0802aee6   0x00000002   PAD
    0x0802aee8   0x0802aee8   0x000000ea   Code   RO         5759    x$fpl$fsub          fz_ws.l(faddsub_clz.o)
    0x0802afd2   0x0802afd2   0x00000006   Code   RO         6240    x$fpl$ieeestatus    fz_ws.l(istatus.o)
    0x0802afd8   0x0802afd8   0x000000c2   Code   RO         5731    x$fpl$llsfromd      fz_ws.l(dfixll.o)
    0x0802b09a   0x0802b09a   0x00000004   Code   RO         6040    x$fpl$printf1       fz_ws.l(printf1.o)
    0x0802b09e   0x0802b09e   0x00000004   Code   RO         6042    x$fpl$printf2       fz_ws.l(printf2.o)
    0x0802b0a2   0x0802b0a2   0x00000064   Code   RO         6189    x$fpl$retnan        fz_ws.l(retnan.o)
    0x0802b106   0x0802b106   0x0000005c   Code   RO         5791    x$fpl$scalbn        fz_ws.l(scalbn.o)
    0x0802b162   0x0802b162   0x0000004c   Code   RO         5793    x$fpl$scalbnf       fz_ws.l(scalbnf.o)
    0x0802b1ae   0x0802b1ae   0x00000004   Code   RO         6048    x$fpl$scanf1        fz_ws.l(scanf1.o)
    0x0802b1b2   0x0802b1b2   0x00000008   Code   RO         6242    x$fpl$scanf2        fz_ws.l(scanf2.o)
    0x0802b1ba   0x0802b1ba   0x00000030   Code   RO         6248    x$fpl$trapveneer    fz_ws.l(trapv.o)
    0x0802b1ea   0x0802b1ea   0x00000000   Code   RO         6050    x$fpl$usenofp       fz_ws.l(usenofp.o)
    0x0802b1ea   0x0802b1ea   0x00000018   Data   RO          654    .constdata          rtc.o
    0x0802b202   0x0802b202   0x00000948   Data   RO          712    .constdata          gui.o
    0x0802bb4a   0x0802bb4a   0x00000002   PAD
    0x0802bb4c   0x0802bb4c   0x00000059   Data   RO          747    .constdata          bitmap.o
    0x0802bba5   0x0802bba5   0x00000018   Data   RO          799    .constdata          buffer.o
    0x0802bbbd   0x0802bbbd   0x00000003   PAD
    0x0802bbc0   0x0802bbc0   0x00000078   Data   RO          818    .constdata          button_1.o
    0x0802bc38   0x0802bc38   0x000000f0   Data   RO         1048    .constdata          check_button.o
    0x0802bd28   0x0802bd28   0x0000000d   Data   RO         1068    .constdata          color.o
    0x0802bd35   0x0802bd35   0x00000003   PAD
    0x0802bd38   0x0802bd38   0x00000078   Data   RO         1081    .constdata          dialog.o
    0x0802bdb0   0x0802bdb0   0x0000001a   Data   RO         1230    .constdata          emitter.o
    0x0802bdca   0x0802bdca   0x00000002   PAD
    0x0802bdcc   0x0802bdcc   0x00000930   Data   RO         1249    .constdata          enums.o
    0x0802c6fc   0x0802c6fc   0x0000000d   Data   RO         1279    .constdata          font.o
    0x0802c709   0x0802c709   0x00000014   Data   RO         1295    .constdata          font_manager.o
    0x0802c71d   0x0802c71d   0x00000003   PAD
    0x0802c720   0x0802c720   0x00000078   Data   RO         1361    .constdata          group_box.o
    0x0802c798   0x0802c798   0x00000078   Data   RO         1379    .constdata          image.o
    0x0802c810   0x0802c810   0x00000027   Data   RO         1402    .constdata          image_manager.o
    0x0802c837   0x0802c837   0x00000001   PAD
    0x0802c838   0x0802c838   0x00000078   Data   RO         1453    .constdata          label.o
    0x0802c8b0   0x0802c8b0   0x00000078   Data   RO         1545    .constdata          progress_bar.o
    0x0802c928   0x0802c928   0x0000000c   Data   RO         1565    .constdata          rect.o
    0x0802c934   0x0802c934   0x0000000d   Data   RO         1581    .constdata          theme.o
    0x0802c941   0x0802c941   0x00000100   Data   RO         1599    .constdata          utf8.o
    0x0802ca41   0x0802ca41   0x00000003   PAD
    0x0802ca44   0x0802ca44   0x00000004   Data   RO         1600    .constdata          utf8.o
    0x0802ca48   0x0802ca48   0x0000001d   Data   RO         1615    .constdata          value.o
    0x0802ca65   0x0802ca65   0x00000013   Data   RO         1628    .constdata          widget.o
    0x0802ca78   0x0802ca78   0x00000078   Data   RO         1734    .constdata          widget_vtable.o
    0x0802caf0   0x0802caf0   0x00000078   Data   RO         1803    .constdata          window.o
    0x0802cb68   0x0802cb68   0x00000014   Data   RO         1906    .constdata          wstr.o
    0x0802cb7c   0x0802cb7c   0x00000022   Data   RO         1928    .constdata          utils.o
    0x0802cb9e   0x0802cb9e   0x00000013   Data   RO         2058    .constdata          event_queue.o
    0x0802cbb1   0x0802cbb1   0x00000003   PAD
    0x0802cbb4   0x0802cbb4   0x00000078   Data   RO         2092    .constdata          slider.o
    0x0802cc2c   0x0802cc2c   0x0000002c   Data   RO         2127    .constdata          system_info.o
    0x0802cc58   0x0802cc58   0x00000017   Data   RO         2202    .constdata          str.o
    0x0802cc6f   0x0802cc6f   0x00000001   PAD
    0x0802cc70   0x0802cc70   0x00000078   Data   RO         2237    .constdata          pages.o
    0x0802cce8   0x0802cce8   0x00000078   Data   RO         2257    .constdata          edit.o
    0x0802cd60   0x0802cd60   0x00000078   Data   RO         2284    .constdata          view.o
    0x0802cdd8   0x0802cdd8   0x0000002e   Data   RO         2317    .constdata          widget_factory.o
    0x0802ce06   0x0802ce06   0x00000002   PAD
    0x0802ce08   0x0802ce08   0x00000078   Data   RO         2389    .constdata          spin_box.o
    0x0802ce80   0x0802ce80   0x00000078   Data   RO         2408    .constdata          dragger.o
    0x0802cef8   0x0802cef8   0x00000078   Data   RO         2428    .constdata          dialog_client.o
    0x0802cf70   0x0802cf70   0x00000078   Data   RO         2446    .constdata          dialog_title.o
    0x0802cfe8   0x0802cfe8   0x00000019   Data   RO         2806    .constdata          input_method_creator.o
    0x0802d001   0x0802d001   0x00000003   PAD
    0x0802d004   0x0802d004   0x00000078   Data   RO         2822    .constdata          button_group.o
    0x0802d07c   0x0802d07c   0x00000090   Data   RO         2858    .constdata          combo_box.o
    0x0802d10c   0x0802d10c   0x00000078   Data   RO         2900    .constdata          combo_box_item.o
    0x0802d184   0x0802d184   0x0000000a   Data   RO         2932    .constdata          fs.o
    0x0802d18e   0x0802d18e   0x00000002   PAD
    0x0802d190   0x0802d190   0x00000078   Data   RO         2991    .constdata          popup.o
    0x0802d208   0x0802d208   0x00000078   Data   RO         3040    .constdata          tab_button.o
    0x0802d280   0x0802d280   0x00000078   Data   RO         3060    .constdata          tab_button_group.o
    0x0802d2f8   0x0802d2f8   0x00000078   Data   RO         3081    .constdata          tab_control.o
    0x0802d370   0x0802d370   0x00000004   Data   RO         3266    .constdata          ui_loader_default.o
    0x0802d374   0x0802d374   0x00000078   Data   RO         3379    .constdata          color_tile.o
    0x0802d3ec   0x0802d3ec   0x00000016   Data   RO         3399    .constdata          assets_manager.o
    0x0802d402   0x0802d402   0x00000013   Data   RO         3414    .constdata          locale_info.o
    0x0802d415   0x0802d415   0x00000003   PAD
    0x0802d418   0x0802d418   0x00000078   Data   RO         3441    .constdata          app_bar.o
    0x0802d490   0x0802d490   0x00000078   Data   RO         3459    .constdata          column.o
    0x0802d508   0x0802d508   0x00000078   Data   RO         3477    .constdata          grid.o
    0x0802d580   0x0802d580   0x00000078   Data   RO         3495    .constdata          row.o
    0x0802d5f8   0x0802d5f8   0x00000078   Data   RO         3513    .constdata          calibration_win.o
    0x0802d670   0x0802d670   0x00000013   Data   RO         3531    .constdata          font_loader_bitmap.o
    0x0802d683   0x0802d683   0x00000001   PAD
    0x0802d684   0x0802d684   0x00000078   Data   RO         3575    .constdata          window_base.o
    0x0802d6fc   0x0802d6fc   0x00000033   Data   RO         3622    .constdata          style_const.o
    0x0802d72f   0x0802d72f   0x00000001   PAD
    0x0802d730   0x0802d730   0x0000002a   Data   RO         3677    .constdata          clip_board_default.o
    0x0802d75a   0x0802d75a   0x00000002   PAD
    0x0802d75c   0x0802d75c   0x00000078   Data   RO         3711    .constdata          image_base.o
    0x0802d7d4   0x0802d7d4   0x00000078   Data   RO         3725    .constdata          grid_item.o
    0x0802d84c   0x0802d84c   0x00000026   Data   RO         3743    .constdata          input_device_status.o
    0x0802d872   0x0802d872   0x00000002   PAD
    0x0802d874   0x0802d874   0x00000078   Data   RO         3757    .constdata          system_bar.o
    0x0802d8ec   0x0802d8ec   0x0000003d   Data   RO         3777    .constdata          children_layouter_default.o
    0x0802d929   0x0802d929   0x00000003   PAD
    0x0802d92c   0x0802d92c   0x00000035   Data   RO         3798    .constdata          self_layouter_default.o
    0x0802d961   0x0802d961   0x0000000d   Data   RO         3888    .constdata          event.o
    0x0802d96e   0x0802d96e   0x00000013   Data   RO         3901    .constdata          named_value.o
    0x0802d981   0x0802d981   0x0000000e   Data   RO         3917    .constdata          object.o
    0x0802d98f   0x0802d98f   0x00000001   PAD
    0x0802d990   0x0802d990   0x00000058   Data   RO         3930    .constdata          object_default.o
    0x0802d9e8   0x0802d9e8   0x0000002c   Data   RO         3969    .constdata          timer_info.o
    0x0802da14   0x0802da14   0x00000015   Data   RO         3993    .constdata          timer_manager.o
    0x0802da29   0x0802da29   0x00000014   Data   RO         4008    .constdata          idle_manager.o
    0x0802da3d   0x0802da3d   0x00000003   PAD
    0x0802da40   0x0802da40   0x0000002c   Data   RO         4029    .constdata          idle_info.o
    0x0802da6c   0x0802da6c   0x0000001f   Data   RO         4044    .constdata          slist.o
    0x0802da8b   0x0802da8b   0x00000028   Data   RO         4060    .constdata          darray.o
    0x0802dab3   0x0802dab3   0x00000005   PAD
    0x0802dab8   0x0802dab8   0x00000118   Data   RO         4073    .constdata          expr_eval.o
    0x0802dbd0   0x0802dbd0   0x00000040   Data   RO         4111    .constdata          window_animator_factory.o
    0x0802dc10   0x0802dc10   0x0000001a   Data   RO         4126    .constdata          dialog_highlighter.o
    0x0802dc2a   0x0802dc2a   0x00000046   Data   RO         4139    .constdata          dialog_highlighter_factory.o
    0x0802dc70   0x0802dc70   0x00000044   Data   RO         4241    .constdata          children_layouter_factory.o
    0x0802dcb4   0x0802dcb4   0x0000003c   Data   RO         4256    .constdata          self_layouter_factory.o
    0x0802dcf0   0x0802dcf0   0x00000078   Data   RO         4271    .constdata          overlay.o
    0x0802dd68   0x0802dd68   0x0000005f   Data   RO         4303    .constdata          style_mutable.o
    0x0802ddc7   0x0802ddc7   0x0000001d   Data   RO         4356    .constdata          text_edit.o
    0x0802dde4   0x0802dde4   0x00000032   Data   RO         4483    .constdata          self_layouter_menu.o
    0x0802de16   0x0802de16   0x00000013   Data   RO         4501    .constdata          hscrollable.o
    0x0802de29   0x0802de29   0x00000003   PAD
    0x0802de2c   0x0802de2c   0x0000004c   Data   RO         4526    .constdata          native_window_raw.o
    0x0802de78   0x0802de78   0x0000008e   Data   RO         4545    .constdata          window_manager_default.o
    0x0802df06   0x0802df06   0x00000010   Data   RO         4896    .constdata          mutex.o
    0x0802df16   0x0802df16   0x00000021   Data   RO         4963    .constdata          thread.o
    0x0802df37   0x0802df37   0x00000001   PAD
    0x0802df38   0x0802df38   0x00027c38   Data   RO         5066    .constdata          assets-mini.o
    0x08055b70   0x08055b70   0x00000004   Data   RO         5143    .constdata          tos_global.o
    0x08055b74   0x08055b74   0x00000004   Data   RO         5144    .constdata          tos_global.o
    0x08055b78   0x08055b78   0x00000011   Data   RO         5656    .constdata          c_w.l(__printf_flags_ss_wp.o)
    0x08055b89   0x08055b89   0x00000007   PAD
    0x08055b90   0x08055b90   0x00000050   Data   RO         5797    .constdata          m_ws.l(acos.o)
    0x08055be0   0x08055be0   0x00000050   Data   RO         5807    .constdata          m_ws.l(asin.o)
    0x08055c30   0x08055c30   0x00000098   Data   RO         5817    .constdata          m_ws.l(atan.o)
    0x08055cc8   0x08055cc8   0x00000058   Data   RO         5843    .constdata          m_ws.l(exp.o)
    0x08055d20   0x08055d20   0x00000038   Data   RO         5857    .constdata          m_ws.l(log.o)
    0x08055d58   0x08055d58   0x00000008   Data   RO         5947    .constdata          c_w.l(_printf_wctomb.o)
    0x08055d60   0x08055d60   0x00000028   Data   RO         5976    .constdata          c_w.l(_printf_hex_int_ll_ptr.o)
    0x08055d88   0x08055d88   0x00000030   Data   RO         6052    .constdata          m_ws.l(cos_i.o)
    0x08055db8   0x08055db8   0x00000008   Data   RO         6072    .constdata          m_ws.l(qnan.o)
    0x08055dc0   0x08055dc0   0x000000c8   Data   RO         6075    .constdata          m_ws.l(rred.o)
    0x08055e88   0x08055e88   0x00000028   Data   RO         6079    .constdata          m_ws.l(sin_i.o)
    0x08055eb0   0x08055eb0   0x00000060   Data   RO         6085    .constdata          m_ws.l(tan_i.o)
    0x08055f10   0x08055f10   0x00000026   Data   RO         6119    .constdata          c_w.l(_printf_fp_hex.o)
    0x08055f36   0x08055f36   0x00000002   PAD
    0x08055f38   0x08055f38   0x00000094   Data   RO         6196    .constdata          c_w.l(bigflt0.o)
    0x08055fcc   0x08055fcc   0x00000007   Data   RO          819    .conststring        button_1.o
    0x08055fd3   0x08055fd3   0x00000001   PAD
    0x08055fd4   0x08055fd4   0x00000007   Data   RO          820    .conststring        button_1.o
    0x08055fdb   0x08055fdb   0x00000001   PAD
    0x08055fdc   0x08055fdc   0x00000006   Data   RO         1049    .conststring        check_button.o
    0x08055fe2   0x08055fe2   0x00000002   PAD
    0x08055fe4   0x08055fe4   0x0000001d   Data   RO         1050    .conststring        check_button.o
    0x08056001   0x08056001   0x00000003   PAD
    0x08056004   0x08056004   0x0000005c   Data   RO         1082    .conststring        dialog.o
    0x08056060   0x08056060   0x00000007   Data   RO         1083    .conststring        dialog.o
    0x08056067   0x08056067   0x00000001   PAD
    0x08056068   0x08056068   0x00000552   Data   RO         1250    .conststring        enums.o
    0x080565ba   0x080565ba   0x00000002   PAD
    0x080565bc   0x080565bc   0x0000000a   Data   RO         1362    .conststring        group_box.o
    0x080565c6   0x080565c6   0x00000002   PAD
    0x080565c8   0x080565c8   0x00000055   Data   RO         1380    .conststring        image.o
    0x0805661d   0x0805661d   0x00000003   PAD
    0x08056620   0x08056620   0x00000006   Data   RO         1454    .conststring        label.o
    0x08056626   0x08056626   0x00000002   PAD
    0x08056628   0x08056628   0x0000001c   Data   RO         1546    .conststring        progress_bar.o
    0x08056644   0x08056644   0x0000000d   Data   RO         1547    .conststring        progress_bar.o
    0x08056651   0x08056651   0x00000003   PAD
    0x08056654   0x08056654   0x00000090   Data   RO         1629    .conststring        widget.o
    0x080566e4   0x080566e4   0x00000007   Data   RO         1735    .conststring        widget_vtable.o
    0x080566eb   0x080566eb   0x00000001   PAD
    0x080566ec   0x080566ec   0x0000000b   Data   RO         1804    .conststring        window.o
    0x080566f7   0x080566f7   0x00000001   PAD
    0x080566f8   0x080566f8   0x00000007   Data   RO         1805    .conststring        window.o
    0x080566ff   0x080566ff   0x00000001   PAD
    0x08056700   0x08056700   0x00000009   Data   RO         2093    .conststring        slider.o
    0x08056709   0x08056709   0x00000003   PAD
    0x0805670c   0x0805670c   0x00000007   Data   RO         2094    .conststring        slider.o
    0x08056713   0x08056713   0x00000001   PAD
    0x08056714   0x08056714   0x0000000c   Data   RO         2128    .conststring        system_info.o
    0x08056720   0x08056720   0x00000006   Data   RO         2239    .conststring        pages.o
    0x08056726   0x08056726   0x00000002   PAD
    0x08056728   0x08056728   0x0000007d   Data   RO         2258    .conststring        edit.o
    0x080567a5   0x080567a5   0x00000003   PAD
    0x080567a8   0x080567a8   0x00000005   Data   RO         2259    .conststring        edit.o
    0x080567ad   0x080567ad   0x00000003   PAD
    0x080567b0   0x080567b0   0x00000005   Data   RO         2285    .conststring        view.o
    0x080567b5   0x080567b5   0x00000003   PAD
    0x080567b8   0x080567b8   0x00000009   Data   RO         2390    .conststring        spin_box.o
    0x080567c1   0x080567c1   0x00000003   PAD
    0x080567c4   0x080567c4   0x0000001e   Data   RO         2409    .conststring        dragger.o
    0x080567e2   0x080567e2   0x00000002   PAD
    0x080567e4   0x080567e4   0x00000008   Data   RO         2410    .conststring        dragger.o
    0x080567ec   0x080567ec   0x0000000e   Data   RO         2429    .conststring        dialog_client.o
    0x080567fa   0x080567fa   0x00000002   PAD
    0x080567fc   0x080567fc   0x0000000d   Data   RO         2447    .conststring        dialog_title.o
    0x08056809   0x08056809   0x00000003   PAD
    0x0805680c   0x0805680c   0x00000a61   Data   RO         2840    .conststring        color_parser.o
    0x0805726d   0x0805726d   0x00000003   PAD
    0x08057270   0x08057270   0x0000001b   Data   RO         2859    .conststring        combo_box.o
    0x0805728b   0x0805728b   0x00000001   PAD
    0x0805728c   0x0805728c   0x0000000a   Data   RO         2860    .conststring        combo_box.o
    0x08057296   0x08057296   0x00000002   PAD
    0x08057298   0x08057298   0x0000000f   Data   RO         2901    .conststring        combo_box_item.o
    0x080572a7   0x080572a7   0x00000001   PAD
    0x080572a8   0x080572a8   0x0000002d   Data   RO         2992    .conststring        popup.o
    0x080572d5   0x080572d5   0x00000003   PAD
    0x080572d8   0x080572d8   0x00000006   Data   RO         2993    .conststring        popup.o
    0x080572de   0x080572de   0x00000002   PAD
    0x080572e0   0x080572e0   0x0000000b   Data   RO         3042    .conststring        tab_button.o
    0x080572eb   0x080572eb   0x00000001   PAD
    0x080572ec   0x080572ec   0x00000011   Data   RO         3061    .conststring        tab_button_group.o
    0x080572fd   0x080572fd   0x00000003   PAD
    0x08057300   0x08057300   0x0000000c   Data   RO         3082    .conststring        tab_control.o
    0x0805730c   0x0805730c   0x00000019   Data   RO         3380    .conststring        color_tile.o
    0x08057325   0x08057325   0x00000003   PAD
    0x08057328   0x08057328   0x0000000b   Data   RO         3381    .conststring        color_tile.o
    0x08057333   0x08057333   0x00000001   PAD
    0x08057334   0x08057334   0x00000008   Data   RO         3442    .conststring        app_bar.o
    0x0805733c   0x0805733c   0x00000007   Data   RO         3460    .conststring        column.o
    0x08057343   0x08057343   0x00000001   PAD
    0x08057344   0x08057344   0x00000004   Data   RO         3478    .conststring        grid.o
    0x08057348   0x08057348   0x00000010   Data   RO         3514    .conststring        calibration_win.o
    0x08057358   0x08057358   0x0000000b   Data   RO         3759    .conststring        system_bar.o
    0x08057363   0x08057363   0x00000001   PAD
    0x08057364   0x08057364   0x0000000f   Data   RO         3931    .conststring        object_default.o
    0x08057373   0x08057373   0x00000001   PAD
    0x08057374   0x08057374   0x0000000b   Data   RO         3970    .conststring        timer_info.o
    0x0805737f   0x0805737f   0x00000001   PAD
    0x08057380   0x08057380   0x0000000a   Data   RO         4030    .conststring        idle_info.o
    0x0805738a   0x0805738a   0x00000002   PAD
    0x0805738c   0x0805738c   0x0000016f   Data   RO         4074    .conststring        expr_eval.o
    0x080574fb   0x080574fb   0x00000001   PAD
    0x080574fc   0x080574fc   0x00000008   Data   RO         4273    .conststring        overlay.o
    0x08057504   0x08057504   0x00000005   Data   RO         4484    .conststring        self_layouter_menu.o
    0x08057509   0x08057509   0x00000003   PAD
    0x0805750c   0x0805750c   0x00000012   Data   RO         4527    .conststring        native_window_raw.o
    0x0805751e   0x0805751e   0x00000002   PAD
    0x08057520   0x08057520   0x0000000f   Data   RO         4546    .conststring        window_manager_default.o
    0x0805752f   0x0805752f   0x00000001   PAD
    0x08057530   0x08057530   0x00000022   Data   RO         2964    .constwstring       line_break.o
    0x08057552   0x08057552   0x00000002   PAD
    0x08057554   0x08057554   0x00000020   Data   RO         6349    Region$$Table       anon$$obj.o
    0x08057574   0x08057574   0x00000008   Data   RO         6234    c$$dinf             fz_ws.l(fpconst.o)
    0x0805757c   0x0805757c   0x00000008   Data   RO         6237    c$$dmax             fz_ws.l(fpconst.o)
    0x08057584   0x08057584   0x00000110   Data   RO         6019    locale$$data        c_w.l(lc_ctype_c.o)
    0x08057694   0x08057694   0x0000001c   Data   RO         6141    locale$$data        c_w.l(lc_numeric_c.o)


    Execution Region RW_IRAM1 (Exec base: 0x20000000, Load base: 0x080576b0, Size: 0x0000de88, Max: 0x00010000, ABSOLUTE, COMPRESSED[0x00000498])

    Exec Addr    Load Addr    Size         Type   Attr      Idx    E Section Name        Object

    0x20000000   COMPRESSED   0x00000014   Data   RW          105    .data               system_stm32f10x.o
    0x20000014   COMPRESSED   0x00000002   Data   RW          358    .data               usart.o
    0x20000016   COMPRESSED   0x00000002   PAD
    0x20000018   COMPRESSED   0x00000004   Data   RW          359    .data               usart.o
    0x2000001c   COMPRESSED   0x00000014   Data   RW          423    .data               stm32f10x_rcc.o
    0x20000030   COMPRESSED   0x00000001   Data   RW          593    .data               led.o
    0x20000031   COMPRESSED   0x00000001   Data   RW          621    .data               button.o
    0x20000032   COMPRESSED   0x00000004   Data   RW          634    .data               tim.o
    0x20000036   COMPRESSED   0x00000004   Data   RW          655    .data               rtc.o
    0x2000003a   COMPRESSED   0x00000008   Data   RW          679    .data               touch.o
    0x20000042   COMPRESSED   0x00000002   PAD
    0x20000044   COMPRESSED   0x00000008   Data   RW          821    .data               button_1.o
    0x2000004c   COMPRESSED   0x00000008   Data   RW         1051    .data               check_button.o
    0x20000054   COMPRESSED   0x0000001c   Data   RW         1084    .data               dialog.o
    0x20000070   COMPRESSED   0x00000004   Data   RW         1296    .data               font_manager.o
    0x20000074   COMPRESSED   0x00000028   Data   RW         1382    .data               image.o
    0x2000009c   COMPRESSED   0x00000004   Data   RW         1403    .data               image_manager.o
    0x200000a0   COMPRESSED   0x00000004   Data   RW         1507    .data               main_loop.o
    0x200000a4   COMPRESSED   0x00000008   Data   RW         1531    .data               mem.o
    0x200000ac   COMPRESSED   0x00000014   Data   RW         1548    .data               progress_bar.o
    0x200000c0   COMPRESSED   0x00000004   Data   RW         1582    .data               theme.o
    0x200000c4   COMPRESSED   0x00000040   Data   RW         1630    .data               widget.o
    0x20000104   COMPRESSED   0x00000020   Data   RW         1806    .data               window.o
    0x20000124   COMPRESSED   0x00000004   Data   RW         1823    .data               window_manager.o
    0x20000128   COMPRESSED   0x00000018   Data   RW         2095    .data               slider.o
    0x20000140   COMPRESSED   0x00000004   Data   RW         2129    .data               system_info.o
    0x20000144   COMPRESSED   0x00000008   Data   RW         2240    .data               pages.o
    0x2000014c   COMPRESSED   0x00000038   Data   RW         2260    .data               edit.o
    0x20000184   COMPRESSED   0x00000004   Data   RW         2318    .data               widget_factory.o
    0x20000188   COMPRESSED   0x00000004   Data   RW         2347    .data               input_method.o
    0x2000018c   COMPRESSED   0x00000014   Data   RW         2411    .data               dragger.o
    0x200001a0   COMPRESSED   0x00000460   Data   RW         2841    .data               color_parser.o
    0x20000600   COMPRESSED   0x0000003c   Data   RW         2861    .data               combo_box.o
    0x2000063c   COMPRESSED   0x00000004   Data   RW         2965    .data               line_break.o
    0x20000640   COMPRESSED   0x00000024   Data   RW         2994    .data               popup.o
    0x20000664   COMPRESSED   0x00000008   Data   RW         3043    .data               tab_button.o
    0x2000066c   COMPRESSED   0x0000000c   Data   RW         3382    .data               color_tile.o
    0x20000678   COMPRESSED   0x00000004   Data   RW         3400    .data               assets_manager.o
    0x2000067c   COMPRESSED   0x00000004   Data   RW         3415    .data               locale_info.o
    0x20000680   COMPRESSED   0x00000008   Data   RW         3532    .data               font_loader_bitmap.o
    0x20000688   COMPRESSED   0x00000004   Data   RW         3639    .data               style_factory.o
    0x2000068c   COMPRESSED   0x00000004   Data   RW         3694    .data               clip_board.o
    0x20000690   COMPRESSED   0x00000008   Data   RW         3760    .data               system_bar.o
    0x20000698   COMPRESSED   0x00000004   Data   RW         3994    .data               timer_manager.o
    0x2000069c   COMPRESSED   0x00000004   Data   RW         4009    .data               idle_manager.o
    0x200006a0   COMPRESSED   0x00000004   Data   RW         4112    .data               window_animator_factory.o
    0x200006a4   COMPRESSED   0x00000004   Data   RW         4140    .data               dialog_highlighter_factory.o
    0x200006a8   COMPRESSED   0x00000004   Data   RW         4242    .data               children_layouter_factory.o
    0x200006ac   COMPRESSED   0x00000004   Data   RW         4257    .data               self_layouter_factory.o
    0x200006b0   COMPRESSED   0x00000010   Data   RW         4274    .data               overlay.o
    0x200006c0   COMPRESSED   0x00000004   Data   RW         4528    .data               native_window_raw.o
    0x200006c4   COMPRESSED   0x0000004c   Data   RW         4547    .data               window_manager_default.o
    0x20000710   COMPRESSED   0x00000008   Data   RW         4660    .data               ui_feedback.o
    0x20000718   COMPRESSED   0x00000001   Data   RW         4870    .data               platform.o
    0x20000719   COMPRESSED   0x00000007   PAD
    0x20000720   COMPRESSED   0x00000008   Data   RW         4949    .data               sys_tick.o
    0x20000728   COMPRESSED   0x00000001   Data   RW         5145    .data               tos_global.o
    0x20000729   COMPRESSED   0x00000001   Data   RW         5146    .data               tos_global.o
    0x2000072a   COMPRESSED   0x00000001   Data   RW         5147    .data               tos_global.o
    0x2000072b   COMPRESSED   0x00000005   PAD
    0x20000730   COMPRESSED   0x00000008   Data   RW         5148    .data               tos_global.o
    0x20000738   COMPRESSED   0x00000004   Data   RW         5149    .data               tos_global.o
    0x2000073c   COMPRESSED   0x00000004   Data   RW         5150    .data               tos_global.o
    0x20000740   COMPRESSED   0x00000008   Data   RW         5151    .data               tos_global.o
    0x20000748   COMPRESSED   0x00000004   Data   RW         5152    .data               tos_global.o
    0x2000074c   COMPRESSED   0x00000008   Data   RW         5153    .data               tos_global.o
    0x20000754   COMPRESSED   0x00000004   Data   RW         5154    .data               tos_global.o
    0x20000758   COMPRESSED   0x00000001   Data   RW         5155    .data               tos_global.o
    0x20000759   COMPRESSED   0x00000007   PAD
    0x20000760   COMPRESSED   0x00000010   Data   RW         5156    .data               tos_global.o
    0x20000770   COMPRESSED   0x00000008   Data   RW         5157    .data               tos_global.o
    0x20000778        -       0x000000c8   Zero   RW          357    .bss                usart.o
    0x20000840        -       0x0000000a   Zero   RW          653    .bss                rtc.o
    0x2000084a   COMPRESSED   0x00000002   PAD
    0x2000084c        -       0x0000000c   Zero   RW          678    .bss                touch.o
    0x20000858        -       0x00001000   Zero   RW          733    .bss                flash.o
    0x20001858        -       0x00000014   Zero   RW         1530    .bss                mem.o
    0x2000186c        -       0x00000014   Zero   RW         2173    .bss                image_loader.o
    0x20001880        -       0x0000005c   Zero   RW         2218    .bss                main_loop_simple.o
    0x200018dc        -       0x00000024   Zero   RW         3234    .bss                ui_builder_default.o
    0x20001900        -       0x00004100   Zero   RW         4677    .bss                lcd_stm32_raw.o
    0x20005a00        -       0x00004000   Zero   RW         4869    .bss                platform.o
    0x20009a00        -       0x00000058   Zero   RW         5137    .bss                tos_global.o
    0x20009a58        -       0x00000068   Zero   RW         5138    .bss                tos_global.o
    0x20009ac0        -       0x00000050   Zero   RW         5139    .bss                tos_global.o
    0x20009b10        -       0x00003000   Zero   RW         5140    .bss                tos_global.o
    0x2000cb10        -       0x00000c74   Zero   RW         5141    .bss                tos_global.o
    0x2000d784        -       0x000000a0   Zero   RW         5142    .bss                tos_global.o
    0x2000d824        -       0x00000060   Zero   RW         6091    .bss                c_w.l(libspace.o)
    0x2000d884   COMPRESSED   0x00000004   PAD
    0x2000d888        -       0x00000200   Zero   RW          392    HEAP                startup_stm32f10x_hd.o
    0x2000da88        -       0x00000400   Zero   RW          391    STACK               startup_stm32f10x_hd.o


==============================================================================

Image component sizes


      Code (inc. data)   RO Data    RW Data    ZI Data      Debug   Object Name

        48          4        128          0          0       1426   app_bar.o
       412        132     162872          0          0      11747   assets-mini.o
       860         44         22          4          0       8565   assets_manager.o
       892         20          0          0          0      49147   awtk_global.o
      1904         30         89          0          0      25414   bitmap.o
       996         10         24          0          0      10247   buffer.o
       264         12          0          1          0        910   button.o
       928         64        134          8          0      57991   button_1.o
        56          4        120          0          0       1640   button_group.o
       708         24        136          0          0       5535   calibration_win.o
      7836         38          0          0          0      59711   canvas.o
       820         54        275          8          0       5637   check_button.o
       232          0          0          0          0       4526   children_layouter.o
        32         14          0          0          0       1898   children_layouter_builtins.o
      2148        196         61          0          0       7471   children_layouter_default.o
       236         18         68          4          0       3810   children_layouter_factory.o
       288         14          0          0          0       4497   children_layouter_parser.o
       196          8          0          4          0       3692   clip_board.o
       124          8         42          0          0       3508   clip_board_default.o
       344         70         13          0          0       3164   color.o
       644        102       2657       1120          0       3885   color_parser.o
       652         56        156         12          0       4717   color_tile.o
        48          4        127          0          0       1388   column.o
      2512        248        181         60          0      18659   combo_box.o
       740         62        135          0          0       5156   combo_box_item.o
         0          0          0          0          0         32   core_cm3.o
       800         12         40          0          0       7051   darray.o
      1332        270          0          0          0       3815   demo1_app.o
        28          0          0          0          0        552   demo_main.o
       644         60        219         28          0      54338   dialog.o
       100         22        134          0          0       1762   dialog_client.o
      1304        386          0          0          0       5290   dialog_helper.o
       332          6         26          0          0       3013   dialog_highlighter.o
       300         20         70          4          0       4683   dialog_highlighter_factory.o
        84         14        133          0          0       1808   dialog_title.o
       872         62        158         20          0       5084   dragger.o
      5912        326        250         56          0      25466   edit.o
       816          6         26          0          0       9248   emitter.o
       304         12       3714          0          0       9679   enums.o
       120          4         13          0          0       2050   event.o
       272          6         19          0          0       5588   event_queue.o
       560          0          0          0          0      31413   events.o
      4728        106        647          0          0      23982   expr_eval.o
       904         14          0          0       4096       3657   flash.o
       140          6         13          0          0       2818   font.o
        26          0          0          0          0       1499   font_loader.o
       312         30         19          8          0       5749   font_loader_bitmap.o
       404         18         20          4          0      28046   font_manager.o
       652         12         10          0          0       8967   fs.o
         4          0          0          0          0        440   fs_os.o
       268         16          0          0          0       3427   func_call_parser.o
        48          4        124          0          0       1368   grid.o
        48          4        120          0          0       1418   grid_item.o
        56          4        130          0          0       1598   group_box.o
       908         12       2376          0          0       5571   gui.o
      1392         98         19          0          0       7871   hscrollable.o
       138          0          0          0          0       2285   idle.o
       116          6         54          0          0       2305   idle_info.o
       376         16         20          4          0       5823   idle_manager.o
       512         18        205         40          0       4958   image.o
      1444        126        120          0          0       7216   image_base.o
       152          6          0          0         20       7214   image_loader.o
       976         48         39          4          0      23216   image_manager.o
       856          4         38          0          0       3778   input_device_status.o
       116          0          0          0          0       1090   input_engine.o
         0          0          0          0          0        616   input_engine_null.o
       568          8          0          4          0       5730   input_method.o
        92         14         25          0          0       1619   input_method_creator.o
       968         46        126          0          0       8481   label.o
       500         56          0          0          0       5168   layout.o
       828          0          0          0          0      22953   lcd.o
       688         18          0          0          0       2124   lcd_driver.o
         2          0          0          0          0      10733   lcd_profile.o
      1872         44          0          0      16640      25093   lcd_stm32_raw.o
       144         10          0          1          0        735   led.o
        72          4         34          4          0       1516   line_break.o
       552         26         19          4          0       5381   locale_info.o
       176          8          0          0          0     221570   main.o
       196          6          0          4          0       4751   main_loop.o
       708         18          0          0         92       5345   main_loop_simple.o
       184         18          0          0          0      47189   main_loop_stm32_raw.o
       676         10          0          8         20       6263   mem.o
       184         12          0          0          0       1925   misc.o
       112          4         16          0          0       7357   mutex.o
       236          6         19          0          0       3307   named_value.o
       586          0          0          0          0       5735   native_window.o
       248         26         94          4          0       3863   native_window_raw.o
      1788         16         14          0          0      15160   object.o
      1078          4        103          0          0      15254   object_default.o
        48          4        128         16          0       1498   overlay.o
       504         20        126          8          0       4644   pages.o
       740          4          0          0          0       5070   path.o
       104         16          0          1      16384       1240   platform.o
       488         54        171         36          0       3936   popup.o
       108          8          0          0          0      16214   port_c.o
       140         16          0          0          0        356   port_s.o
      1110         80        161         20          0       6486   progress_bar.o
       760          8         12          0          0       5192   rect.o
        48          4        120          0          0       1354   row.o
      1040         58         24          4         10       4579   rtc.o
       212          0          0          0          0       4623   self_layouter.o
        56         24          0          0          0       1458   self_layouter_builtins.o
      1492        194         53          0          0       5904   self_layouter_default.o
       236         18         60          4          0       3722   self_layouter_factory.o
      1064          6         55          0          0       7281   self_layouter_menu.o
       136         10          0          0          0       3435   self_layouter_parser.o
      3288        160        136         24          0      11895   slider.o
       504         12         31          0          0       5854   slist.o
       456         18          0          0          0       1828   spi.o
       300         68        129          0          0       2185   spin_box.o
        64         26        304          0       1536        788   startup_stm32f10x_hd.o
       156          8          0          0          0       3424   stm32f10x_bkp.o
      1206         10          0          0          0       6003   stm32f10x_fsmc.o
       664         36          0          0          0       6213   stm32f10x_gpio.o
        14          0          0          0          0      63751   stm32f10x_it.o
       172         12          0          0          0       1951   stm32f10x_pwr.o
       756         32          0         20          0       9328   stm32f10x_rcc.o
       276          6          0          0          0       2794   stm32f10x_rtc.o
       692         12          0          0          0       7142   stm32f10x_spi.o
      3114         84          0          0          0      25100   stm32f10x_tim.o
       924         20          0          0          0       9168   stm32f10x_usart.o
      2204         64         23          0          0      14286   str.o
       700        130          0          0          0       5854   style.o
       384         76         51          0          0       4288   style_const.o
        36          6          0          4          0       4037   style_factory.o
      1348         38         95          0          0      13228   style_mutable.o
       120          4          0          8          0       1972   sys_tick.o
       332         42        131          8          0       3252   system_bar.o
      1156        198         56          4          0      25495   system_info.o
       372         34          0         20          0       1751   system_stm32f10x.o
      1116         92        131          8          0       7160   tab_button.o
      1360         80        137          0          0      10313   tab_button_group.o
        56          4        132          0          0       1626   tab_control.o
      7848        242         29          0          0      79261   text_edit.o
       484         16         13          4          0       4297   theme.o
       284         10         33          0          0       6814   thread.o
       472         20          0          4          0       1941   tim.o
        22          0          0          0          0        585   time_now.o
       252          0          0          0          0       3323   timer.o
       132          6         55          0          0       3933   timer_info.o
       568         18         21          4          0       5827   timer_manager.o
       528          6          0          0          0       4543   tokenizer.o
       196         14          0          0          0       2520   tos_cpu.o
         0          0          8         68      15908       1565   tos_global.o
      1634          8          0          0          0      12557   tos_mmheap.o
       368         10          0          0          0       5986   tos_msg.o
       636          4          0          0          0       8878   tos_mutex.o
       452          0          0          0          0      10461   tos_pend.o
       248         14          0          0          0       1879   tos_robin.o
       656         72          0          0          0       9471   tos_sched.o
       568         48          0          0          0       3777   tos_sys.o
      1176         12          0          0          0      11148   tos_task.o
       592         12          0          0          0       8168   tos_tick.o
       804         10          0          0          0       4839   tos_timer.o
       896         34          0          8         12       4318   touch.o
         0          0          0          0          0        960   ui_binary_writer.o
       102          0          0          0          0       2648   ui_builder.o
       240         24          0          0         36       2781   ui_builder_default.o
        52          4          0          8          0       1803   ui_feedback.o
        96          0          0          0          0       1975   ui_loader.o
       264         10          4          0          0       2879   ui_loader_default.o
       264         16          0          6        200       3178   usart.o
       592          4        260          0          0       5557   utf8.o
      1732         58         34          0          0      18959   utils.o
      2044         74         29          0          0      15064   value.o
       428          8          0          0          0       2781   velocity.o
      2118          4          0          0          0      32672   vgcanvas.o
        48          4        125          0          0       1368   view.o
     15620       1128        163         64          0     107944   widget.o
       312         16         46          4          0       4298   widget_factory.o
       764         62        127          0          0      34991   widget_vtable.o
       844        502          0          0          0       1766   widgets.o
       244         18        138         32          0       3082   window.o
       252         16         64          4          0       4411   window_animator_factory.o
      1714        224        120          0          0       7229   window_base.o
      1568         38          0          4          0      47970   window_manager.o
      3712        146        157         76          0      23764   window_manager_default.o
       172         10          0          0          0       2676   window_open.o
      1708         22         20          0          0      15627   wstr.o

    ----------------------------------------------------------------------
    148518       8084     180326       1912      54956    1927529   Object Totals
         0          0         32          0          0          0   (incl. Generated)
        22          0        136         23          2          0   (incl. Padding)

    ----------------------------------------------------------------------

      Code (inc. data)   RO Data    RW Data    ZI Data      Debug   Library Member Name

        24          4          0          0          0         84   __2printf.o
       100          0          0          0          0          0   __dclz77c.o
         8          0          0          0          0         68   __main.o
       392          4         17          0          0         92   __printf_flags_ss_wp.o
        14          0          0          0          0         68   __printf_wp.o
         0          0          0          0          0          0   __rtentry.o
        12          0          0          0          0          0   __rtentry2.o
         6          0          0          0          0          0   __rtentry4.o
        52          8          0          0          0          0   __scatter.o
        28          0          0          0          0          0   __scatter_zi.o
        28          0          0          0          0         68   _chval.o
        12          0          0          0          0         76   _iswspace.o
        60          0          0          0          0         92   _mbrtowc.o
         6          0          0          0          0          0   _printf_a.o
         6          0          0          0          0          0   _printf_c.o
        44          0          0          0          0        108   _printf_char.o
        48          6          0          0          0         96   _printf_char_common.o
        36          4          0          0          0         80   _printf_char_file.o
        40          0          0          0          0         68   _printf_charcount.o
         6          0          0          0          0          0   _printf_d.o
       120         16          0          0          0         92   _printf_dec.o
         6          0          0          0          0          0   _printf_e.o
         6          0          0          0          0          0   _printf_f.o
      1054          0          0          0          0        216   _printf_fp_dec.o
       764          8         38          0          0        100   _printf_fp_hex.o
       128         16          0          0          0         84   _printf_fp_infnan.o
         6          0          0          0          0          0   _printf_g.o
       148          4         40          0          0        160   _printf_hex_int_ll_ptr.o
         6          0          0          0          0          0   _printf_i.o
       178          0          0          0          0         88   _printf_intcommon.o
        10          0          0          0          0          0   _printf_l.o
         6          0          0          0          0          0   _printf_lc.o
        10          0          0          0          0          0   _printf_ll.o
         6          0          0          0          0          0   _printf_lld.o
         6          0          0          0          0          0   _printf_lli.o
         6          0          0          0          0          0   _printf_llo.o
         6          0          0          0          0          0   _printf_llu.o
         6          0          0          0          0          0   _printf_llx.o
       124         16          0          0          0         92   _printf_longlong_dec.o
         6          0          0          0          0          0   _printf_ls.o
         6          0          0          0          0          0   _printf_n.o
         6          0          0          0          0          0   _printf_o.o
       112         10          0          0          0        124   _printf_oct_int_ll.o
         6          0          0          0          0          0   _printf_p.o
        78          0          0          0          0        108   _printf_pad.o
         0          0          0          0          0          0   _printf_percent.o
         4          0          0          0          0          0   _printf_percent_end.o
         6          0          0          0          0          0   _printf_s.o
        82          0          0          0          0         80   _printf_str.o
        36          0          0          0          0         84   _printf_truncate.o
         6          0          0          0          0          0   _printf_u.o
        44          0          0          0          0        108   _printf_wchar.o
       188          6          8          0          0         92   _printf_wctomb.o
         6          0          0          0          0          0   _printf_x.o
        22          0          0          0          0        100   _rserrno.o
       884          6          0          0          0        100   _scanf.o
       332          0          0          0          0         96   _scanf_int.o
       342          0          0          0          0        100   _scanf_longlong.o
       276          0          0          0          0        100   _scanf_mbtowc.o
       224          0          0          0          0         96   _scanf_str.o
        30          0          0          0          0         76   _scanf_wcharmap.o
       232          0          0          0          0        100   _scanf_wctomb.o
       208          0          0          0          0         96   _scanf_wstr.o
        64          0          0          0          0         84   _sgetc.o
        16          0          0          0          0         68   _snputc.o
        10          0          0          0          0         68   _sputc.o
       158          0          0          0          0         92   _strtoul.o
        64          0          0          0          0         92   _wcrtomb.o
       228          4        148          0          0         96   bigflt0.o
        80          0          0          0          0         88   bsearchnoex.o
      2152        136          0          0          0        960   btod.o
        18          0          0          0          0         80   exit.o
         8          0          0          0          0         68   ferror.o
         6          0          0          0          0        152   heapauxi.o
        18          0          0          0          0         76   isspace.o
         4          0          0          0          0         68   iswspace.o
        44         10        272          0          0         76   lc_ctype_c.o
        44         10         28          0          0         76   lc_numeric_c.o
         2          0          0          0          0          0   libinit.o
        30          0          0          0          0          0   libinit2.o
         2          0          0          0          0          0   libshutdown.o
         2          0          0          0          0          0   libshutdown2.o
         8          4          0          0         96         68   libspace.o
        38          0          0          0          0         68   llshl.o
       138          0          0          0          0         80   lludiv10.o
       238          0          0          0          0        100   lludivv7m.o
        88          0          0          0          0         76   memcmp.o
        16          4          0          0          0         76   rt_ctype_table.o
         8          4          0          0          0         68   rt_errno_addr_intlibspace.o
         8          4          0          0          0         68   rt_locale_intlibspace.o
        68          0          0          0          0         68   rt_memclr.o
        78          0          0          0          0         80   rt_memclr_w.o
       138          0          0          0          0         68   rt_memcpy_v6.o
       100          0          0          0          0         80   rt_memcpy_w.o
       132          0          0          0          0         68   rt_memmove_v6.o
       122          0          0          0          0         80   rt_memmove_w.o
         2          0          0          0          0          0   rtexit.o
        10          0          0          0          0          0   rtexit2.o
        44          8          0          0          0         84   scanf_char.o
      1272         16          0          0          0        168   scanf_fp.o
       800         14          0          0          0        100   scanf_hexfp.o
       308         16          0          0          0        100   scanf_infnan.o
        20          0          0          0          0         68   strchr.o
       128          0          0          0          0         68   strcmpv7m.o
        72          0          0          0          0         80   strcpy.o
        62          0          0          0          0         76   strlen.o
       150          0          0          0          0         80   strncmp.o
        86          0          0          0          0         76   strncpy.o
        22          0          0          0          0         68   strrchr.o
        36          0          0          0          0         80   strstr.o
       164         14          0          0          0        120   strtod.o
       112          0          0          0          0         88   strtol.o
       114          0          0          0          0         92   strtoul.o
        74          0          0          0          0         80   sys_stackheap_outer.o
        26          0          0          0          0         76   tolower.o
        30          0          0          0          0         76   toupper.o
         2          0          0          0          0         68   use_no_semi.o
         2          0          0          0          0         68   use_no_semi_2.o
        52          4          0          0          0         80   vsnprintf.o
        52          8          0          0          0         80   vsscanf.o
       100          0          0          0          0         76   wclass_c.o
        22          0          0          0          0         68   wcschr.o
        24          0          0          0          0         68   wcscmp.o
        18          0          0          0          0         68   wcscpy.o
        18          0          0          0          0         68   wcslen.o
        98          4          0          0          0         92   d2f.o
       826         16          0          0          0        348   daddsub_clz.o
        16          4          0          0          0         68   dcheck1.o
        24          0          0          0          0         68   dcmpi.o
       688        140          0          0          0        208   ddiv.o
       120          4          0          0          0         92   deqf.o
        94          4          0          0          0         92   dfix.o
       194          4          0          0          0        116   dfixll.o
        90          4          0          0          0         92   dfixu.o
        84          0          0          0          0        136   dflt_clz.o
       162          0          0          0          0         84   dfltll_clz.o
       120          4          0          0          0         92   dleqf.o
       340         12          0          0          0        104   dmul.o
       156          4          0          0          0         92   dnaninf.o
        12          0          0          0          0         68   dretinf.o
       108          0          0          0          0         80   drleqf.o
       460         56          0          0          0        120   dsqrt_noumaal.o
        86          4          0          0          0         84   f2d.o
       450          8          0          0          0        236   faddsub_clz.o
        12          4          0          0          0         68   fcheck1.o
        24          0          0          0          0         68   fcmpi.o
       388         76          0          0          0         96   fdiv.o
       104          4          0          0          0         84   feqf.o
        54          4          0          0          0         84   ffix.o
        62          4          0          0          0         84   ffixu.o
        86          0          0          0          0        136   fflt_clz.o
        96          0          0          0          0         84   ffltll_clz.o
       104          4          0          0          0         84   fleqf.o
       258          4          0          0          0         84   fmul.o
       140          4          0          0          0         84   fnaninf.o
         0          0         16          0          0          0   fpconst.o
        10          0          0          0          0         68   fretinf.o
        98          0          0          0          0         68   frleqf.o
         6          0          0          0          0         68   istatus.o
         4          0          0          0          0         68   printf1.o
         4          0          0          0          0         68   printf2.o
       100          0          0          0          0         68   retnan.o
        92          0          0          0          0         68   scalbn.o
        76          0          0          0          0         68   scalbnf.o
         4          0          0          0          0         68   scanf1.o
         8          0          0          0          0         84   scanf2.o
        48          0          0          0          0         68   trapv.o
         0          0          0          0          0          0   usenofp.o
       636         62         80          0          0        188   acos.o
       624         52         80          0          0        168   asin.o
       544         70        152          0          0        124   atan.o
        42          0          0          0          0         84   atof.o
       220         16          0          0          0         84   ceil.o
       156          8          0          0          0        104   cos.o
       252         22         48          0          0        124   cos_i.o
        64         10          0          0          0        340   dunder.o
       644         90         88          0          0        204   exp.o
       220         16          0          0          0         84   floor.o
        40          0          0          0          0         68   fpclassify.o
        88          8          0          0          0         76   frexp.o
       138          0          0          0          0        160   ldexp.o
       860         52         56          0          0        256   log.o
       228         30          0          0          0        120   log10.o
       204          4          0          0          0        168   narrow.o
       170          0          0          0          0         96   poly.o
         0          0          8          0          0          0   qnan.o
       904         76        200          0          0        140   rred.o
       160         10          0          0          0        108   sin.o
       236         12         40          0          0        128   sin_i.o
        76          0          0          0          0         84   sqrt.o
       100         10          0          0          0         96   tan.o
       636         50         96          0          0        168   tan_i.o

    ----------------------------------------------------------------------
     27796       1336       1424          0        100      15772   Library Totals
        42          2          9          0          4          0   (incl. Padding)

    ----------------------------------------------------------------------

      Code (inc. data)   RO Data    RW Data    ZI Data      Debug   Library Name

     14606        364        551          0         96       8608   c_w.l
      5906        372         16          0          0       3992   fz_ws.l
      7242        598        848          0          0       3172   m_ws.l

    ----------------------------------------------------------------------
     27796       1336       1424          0        100      15772   Library Totals

    ----------------------------------------------------------------------

==============================================================================


      Code (inc. data)   RO Data    RW Data    ZI Data      Debug   

    176314       9420     181750       1912      55056    1918129   Grand Totals
    176314       9420     181750       1176      55056    1918129   ELF Image Totals (compressed)
    176314       9420     181750       1176          0          0   ROM Totals

==============================================================================

    Total RO  Size (Code + RO Data)               358064 ( 349.67kB)
    Total RW  Size (RW Data + ZI Data)             56968 (  55.63kB)
    Total ROM Size (Code + RO Data + RW Data)     359240 ( 350.82kB)

==============================================================================

